com/bca/core_banking_service/dto/ErrorResponse.class
com/bca/core_banking_service/domain/ports/output/persistence/CreditRepository.class
com/bca/core_banking_service/infrastructure/output/rest/WebClientConfig.class
com/bca/core_banking_service/infrastructure/output/persistence/entity/AccountEntity.class
com/bca/core_banking_service/infrastructure/input/dto/Transaction$TransactionBuilder.class
com/bca/core_banking_service/application/usecases/factory/CreateAccountCommand.class
org/openapitools/configuration/EnumConverterConfiguration$1.class
com/bca/core_banking_service/dto/CreditResponse.class
com/bca/core_banking_service/domain/model/product/Product.class
com/bca/core_banking_service/api/AccountsApiDelegate.class
com/bca/core_banking_service/infrastructure/input/dto/Credit$CreditStatus.class
com/bca/core_banking_service/application/usecases/validation/ValidationCustomer.class
com/bca/core_banking_service/infrastructure/input/dto/Transaction.class
com/bca/core_banking_service/api/CreditsApi.class
com/bca/core_banking_service/dto/CheckingAccountResponse.class
com/bca/core_banking_service/infrastructure/input/mapper/AccountApiMapper.class
com/bca/core_banking_service/infrastructure/output/persistence/entity/CreditEntity$CreditStatus.class
com/bca/core_banking_service/api/CustomersApiController.class
com/bca/core_banking_service/application/usecases/CreditUseCaseImpl.class
com/bca/core_banking_service/infrastructure/input/rest/exception/GlobalExceptionHandler.class
com/bca/core_banking_service/infrastructure/output/persistence/entity/TransactionEntity$TransactionType.class
com/bca/core_banking_service/dto/FixedTermAccountResponse$StatusEnum.class
com/bca/core_banking_service/infrastructure/output/persistence/repository/TransactionMongoRepository.class
com/bca/core_banking_service/infrastructure/output/messaging/kafka/dto/AccountWithdrawalEvent.class
com/bca/core_banking_service/domain/model/enums/transaction/TransferType.class
com/bca/core_banking_service/api/CreditsApiController.class
com/bca/core_banking_service/dto/CreditPaymentResponse.class
com/bca/core_banking_service/domain/model/product/account/VipSavingsAccount.class
com/bca/core_banking_service/application/usecases/factory/AccountFactory.class
com/bca/core_banking_service/infrastructure/input/dto/Account$AccountType.class
com/bca/core_banking_service/infrastructure/output/persistence/entity/AccountEntity$AccountType.class
org/openapitools/configuration/EnumConverterConfiguration.class
com/bca/core_banking_service/dto/VipSavingsAccountResponse$StatusEnum.class
com/bca/core_banking_service/domain/ports/output/persistence/TransactionRepository.class
com/bca/core_banking_service/domain/services/TransferDomainService.class
com/bca/core_banking_service/api/AccountsApi.class
com/bca/core_banking_service/domain/model/enums/account/CustomerType.class
com/bca/core_banking_service/dto/AccountCreate.class
com/bca/core_banking_service/infrastructure/input/dto/Account.class
com/bca/core_banking_service/dto/CreditPaymentResponse$StatusEnum.class
com/bca/core_banking_service/api/CustomersApi$1.class
com/bca/core_banking_service/domain/ports/output/persistence/AccountRepository.class
com/bca/core_banking_service/domain/model/enums/account/AccountStatus.class
com/bca/core_banking_service/dto/FixedTermAccountResponse.class
com/bca/core_banking_service/infrastructure/output/persistence/repository/CreditMongoRepository.class
com/bca/core_banking_service/infrastructure/input/mapper/CustomerApiMapper$1.class
com/bca/core_banking_service/infrastructure/input/rest/CreditApiDelegateImpl.class
com/bca/core_banking_service/dto/CheckingAccountResponse$StatusEnum.class
com/bca/core_banking_service/domain/model/customer/BusinessCustomer.class
com/bca/core_banking_service/domain/model/product/account/BankAccount.class
com/bca/core_banking_service/infrastructure/input/rest/AccountApiDelegateImpl.class
com/bca/core_banking_service/infrastructure/output/persistence/CreditRepositoryImpl.class
com/bca/core_banking_service/api/ApiUtil.class
com/bca/core_banking_service/domain/model/product/account/SavingsAccount.class
com/bca/core_banking_service/dto/SavingsAccountResponse.class
com/bca/core_banking_service/application/usecases/AccountUseCaseImpl.class
com/bca/core_banking_service/dto/PymeCheckingAccountResponse.class
com/bca/core_banking_service/dto/AccountType.class
org/openapitools/configuration/HomeController.class
com/bca/core_banking_service/api/CreditsApiController$1.class
com/bca/core_banking_service/application/usecases/validation/ValidationProduct.class
com/bca/core_banking_service/infrastructure/output/rest/CardsServiceProperties$Endpoints.class
com/bca/core_banking_service/infrastructure/output/persistence/entity/CreditEntity$CreditType.class
com/bca/core_banking_service/dto/CreditCreate$CreditTypeEnum.class
com/bca/core_banking_service/domain/model/customer/Customer.class
org/openapitools/OpenApiGeneratorApplication.class
com/bca/core_banking_service/infrastructure/output/messaging/kafka/KafkaProducerAdapter.class
com/bca/core_banking_service/dto/AccountResponse$StatusEnum.class
com/bca/core_banking_service/dto/TransactionResponse$TypeEnum.class
com/bca/core_banking_service/infrastructure/output/persistence/AccountRepositoryImpl.class
com/bca/core_banking_service/domain/model/product/account/PymeCheckingAccount.class
com/bca/core_banking_service/dto/AmountRequest.class
com/bca/core_banking_service/infrastructure/output/persistence/repository/AccountMongoRepository.class
com/bca/core_banking_service/dto/AccountCreate$TypeEnum.class
com/bca/core_banking_service/CoreBankingServiceApplication.class
com/bca/core_banking_service/dto/AccountResponse.class
com/bca/core_banking_service/api/CustomersApi.class
com/bca/core_banking_service/domain/ports/output/rest/ExternalCardsClient.class
com/bca/core_banking_service/domain/model/transaction/Transaction.class
com/bca/core_banking_service/domain/ports/output/event/AccountEventPublisher.class
org/openapitools/RFC3339DateFormat.class
com/bca/core_banking_service/domain/model/product/account/Account.class
com/bca/core_banking_service/domain/model/enums/transaction/Channel.class
com/bca/core_banking_service/infrastructure/input/dto/Credit$CreditType.class
com/bca/core_banking_service/api/CreditsApi$1.class
com/bca/core_banking_service/application/ports/input/usecases/CreditUseCase.class
com/bca/core_banking_service/api/AccountsApi$1.class
com/bca/core_banking_service/application/usecases/factory/AccountFactory$1.class
com/bca/core_banking_service/infrastructure/input/dto/Transaction$TransactionType.class
com/bca/core_banking_service/infrastructure/output/rest/CardsServiceProperties.class
com/bca/core_banking_service/infrastructure/config/JacksonConfig.class
com/bca/core_banking_service/dto/TransferRequest.class
com/bca/core_banking_service/api/AccountsApiController$1.class
com/bca/core_banking_service/domain/model/transaction/Transfer.class
com/bca/core_banking_service/infrastructure/output/persistence/entity/TransactionEntity.class
com/bca/core_banking_service/domain/model/enums/account/CustomerSegment.class
com/bca/core_banking_service/dto/CreditResponse$CreditTypeEnum.class
com/bca/core_banking_service/infrastructure/output/messaging/kafka/dto/AccountDepositEvent.class
com/bca/core_banking_service/dto/VipSavingsAccountResponse.class
com/bca/core_banking_service/domain/model/enums/product/ProductStatus.class
com/bca/core_banking_service/api/CreditsApiDelegate.class
com/bca/core_banking_service/infrastructure/output/persistence/TransactionRepositoryImpl.class
com/bca/core_banking_service/dto/PymeCheckingAccountResponse$StatusEnum.class
com/bca/core_banking_service/domain/model/enums/account/AccountType.class
com/bca/core_banking_service/infrastructure/output/rest/ExternalCardsWebClientAdapter.class
com/bca/core_banking_service/infrastructure/output/persistence/entity/CreditEntity.class
com/bca/core_banking_service/domain/model/product/credit/PersonalCredit.class
com/bca/core_banking_service/api/AccountsApiController.class
com/bca/core_banking_service/infrastructure/output/persistence/entity/AccountEntity$AccountStatus.class
com/bca/core_banking_service/infrastructure/input/mapper/CustomerApiMapper.class
com/bca/core_banking_service/domain/model/enums/transaction/TransactionType.class
com/bca/core_banking_service/domain/model/customer/PersonalCustomer.class
com/bca/core_banking_service/infrastructure/output/persistence/mapper/TransactionMapper.class
com/bca/core_banking_service/domain/ports/output/event/EventPublisher.class
com/bca/core_banking_service/dto/TransactionResponse.class
com/bca/core_banking_service/domain/model/customer/PymeBusinessCustomer.class
com/bca/core_banking_service/domain/model/product/credit/Credit.class
com/bca/core_banking_service/infrastructure/input/dto/Credit.class
com/bca/core_banking_service/domain/exceptions/BusinessException.class
com/bca/core_banking_service/domain/model/customer/VipPersonalCustomer.class
com/bca/core_banking_service/domain/model/product/credit/BusinessCredit.class
com/bca/core_banking_service/infrastructure/input/mapper/CreditApiMapper.class
com/bca/core_banking_service/api/CustomersApiDelegate.class
com/bca/core_banking_service/dto/CreditCreate.class
com/bca/core_banking_service/dto/SavingsAccountResponse$StatusEnum.class
com/bca/core_banking_service/api/CustomersApiController$1.class
com/bca/core_banking_service/infrastructure/output/persistence/mapper/CreditMapper.class
com/bca/core_banking_service/dto/AccountPolymorphicResponse.class
com/bca/core_banking_service/infrastructure/input/rest/CustomerApiDelegateImpl.class
com/bca/core_banking_service/domain/model/product/account/CheckingAccount.class
com/bca/core_banking_service/application/ports/input/usecases/AccountUseCase.class
com/bca/core_banking_service/domain/model/product/account/FixedTermAccount.class
com/bca/core_banking_service/domain/model/product/account/Account$AccountStatus.class
com/bca/core_banking_service/infrastructure/output/messaging/kafka/KafkaConfig.class
