/Users/aracelicueva/Documents/Otros/Bootcamp/bankX-microservicios/core-banking-service/src/main/java/com/bca/core_banking_service/domain/model/customer/Customer.java
/Users/aracelicueva/Documents/Otros/Bootcamp/bankX-microservicios/core-banking-service/src/main/java/com/bca/core_banking_service/infrastructure/input/dto/Credit.java
/Users/aracelicueva/Documents/Otros/Bootcamp/bankX-microservicios/core-banking-service/src/main/java/com/bca/core_banking_service/domain/model/enums/product/ProductStatus.java
/Users/aracelicueva/Documents/Otros/Bootcamp/bankX-microservicios/core-banking-service/src/main/java/com/bca/core_banking_service/domain/model/product/account/SavingsAccount.java
/Users/aracelicueva/Documents/Otros/Bootcamp/bankX-microservicios/core-banking-service/target/generated-sources/openapi/src/main/java/com/bca/core_banking_service/dto/CreditResponse.java
/Users/aracelicueva/Documents/Otros/Bootcamp/bankX-microservicios/core-banking-service/src/main/java/com/bca/core_banking_service/domain/model/product/account/PymeCheckingAccount.java
/Users/aracelicueva/Documents/Otros/Bootcamp/bankX-microservicios/core-banking-service/target/generated-sources/openapi/src/main/java/com/bca/core_banking_service/dto/TransactionResponse.java
/Users/aracelicueva/Documents/Otros/Bootcamp/bankX-microservicios/core-banking-service/src/main/java/com/bca/core_banking_service/domain/ports/output/rest/ExternalCardsClient.java
/Users/aracelicueva/Documents/Otros/Bootcamp/bankX-microservicios/core-banking-service/target/generated-sources/openapi/src/main/java/com/bca/core_banking_service/api/CustomersApi.java
/Users/aracelicueva/Documents/Otros/Bootcamp/bankX-microservicios/core-banking-service/src/main/java/com/bca/core_banking_service/domain/model/enums/account/CustomerSegment.java
/Users/aracelicueva/Documents/Otros/Bootcamp/bankX-microservicios/core-banking-service/target/generated-sources/openapi/src/main/java/com/bca/core_banking_service/dto/AccountResponse.java
/Users/aracelicueva/Documents/Otros/Bootcamp/bankX-microservicios/core-banking-service/src/main/java/com/bca/core_banking_service/infrastructure/input/mapper/CreditApiMapper.java
/Users/aracelicueva/Documents/Otros/Bootcamp/bankX-microservicios/core-banking-service/src/main/java/com/bca/core_banking_service/infrastructure/output/persistence/mapper/TransactionMapper.java
/Users/aracelicueva/Documents/Otros/Bootcamp/bankX-microservicios/core-banking-service/src/main/java/com/bca/core_banking_service/infrastructure/output/persistence/entity/CreditEntity.java
/Users/aracelicueva/Documents/Otros/Bootcamp/bankX-microservicios/core-banking-service/target/generated-sources/openapi/src/main/java/com/bca/core_banking_service/api/ApiUtil.java
/Users/aracelicueva/Documents/Otros/Bootcamp/bankX-microservicios/core-banking-service/src/main/java/com/bca/core_banking_service/infrastructure/config/JacksonConfig.java
/Users/aracelicueva/Documents/Otros/Bootcamp/bankX-microservicios/core-banking-service/src/main/java/com/bca/core_banking_service/domain/services/TransferDomainService.java
/Users/aracelicueva/Documents/Otros/Bootcamp/bankX-microservicios/core-banking-service/src/main/java/com/bca/core_banking_service/infrastructure/output/persistence/entity/AccountEntity.java
/Users/aracelicueva/Documents/Otros/Bootcamp/bankX-microservicios/core-banking-service/target/generated-sources/openapi/src/main/java/com/bca/core_banking_service/dto/AmountRequest.java
/Users/aracelicueva/Documents/Otros/Bootcamp/bankX-microservicios/core-banking-service/target/generated-sources/openapi/src/main/java/com/bca/core_banking_service/dto/CheckingAccountResponse.java
/Users/aracelicueva/Documents/Otros/Bootcamp/bankX-microservicios/core-banking-service/src/main/java/com/bca/core_banking_service/infrastructure/output/persistence/TransactionRepositoryImpl.java
/Users/aracelicueva/Documents/Otros/Bootcamp/bankX-microservicios/core-banking-service/target/generated-sources/openapi/src/main/java/com/bca/core_banking_service/dto/TransferRequest.java
/Users/aracelicueva/Documents/Otros/Bootcamp/bankX-microservicios/core-banking-service/target/generated-sources/openapi/src/main/java/com/bca/core_banking_service/dto/SavingsAccountResponse.java
/Users/aracelicueva/Documents/Otros/Bootcamp/bankX-microservicios/core-banking-service/src/main/java/com/bca/core_banking_service/domain/ports/output/persistence/AccountRepository.java
/Users/aracelicueva/Documents/Otros/Bootcamp/bankX-microservicios/core-banking-service/src/main/java/com/bca/core_banking_service/infrastructure/input/rest/CustomerApiDelegateImpl.java
/Users/aracelicueva/Documents/Otros/Bootcamp/bankX-microservicios/core-banking-service/src/main/java/com/bca/core_banking_service/domain/model/enums/transaction/TransactionType.java
/Users/aracelicueva/Documents/Otros/Bootcamp/bankX-microservicios/core-banking-service/target/generated-sources/openapi/src/main/java/com/bca/core_banking_service/dto/ErrorResponse.java
/Users/aracelicueva/Documents/Otros/Bootcamp/bankX-microservicios/core-banking-service/src/main/java/com/bca/core_banking_service/domain/model/enums/account/AccountStatus.java
/Users/aracelicueva/Documents/Otros/Bootcamp/bankX-microservicios/core-banking-service/target/generated-sources/openapi/src/main/java/com/bca/core_banking_service/api/CreditsApiController.java
/Users/aracelicueva/Documents/Otros/Bootcamp/bankX-microservicios/core-banking-service/src/main/java/com/bca/core_banking_service/domain/model/enums/account/CustomerType.java
/Users/aracelicueva/Documents/Otros/Bootcamp/bankX-microservicios/core-banking-service/src/main/java/com/bca/core_banking_service/domain/model/product/Product.java
/Users/aracelicueva/Documents/Otros/Bootcamp/bankX-microservicios/core-banking-service/target/generated-sources/openapi/src/main/java/org/openapitools/OpenApiGeneratorApplication.java
/Users/aracelicueva/Documents/Otros/Bootcamp/bankX-microservicios/core-banking-service/src/main/java/com/bca/core_banking_service/domain/model/enums/transaction/Channel.java
/Users/aracelicueva/Documents/Otros/Bootcamp/bankX-microservicios/core-banking-service/src/main/java/com/bca/core_banking_service/domain/model/customer/PymeBusinessCustomer.java
/Users/aracelicueva/Documents/Otros/Bootcamp/bankX-microservicios/core-banking-service/src/main/java/com/bca/core_banking_service/domain/model/transaction/Transaction.java
/Users/aracelicueva/Documents/Otros/Bootcamp/bankX-microservicios/core-banking-service/src/main/java/com/bca/core_banking_service/CoreBankingServiceApplication.java
/Users/aracelicueva/Documents/Otros/Bootcamp/bankX-microservicios/core-banking-service/src/main/java/com/bca/core_banking_service/domain/model/transaction/Transfer.java
/Users/aracelicueva/Documents/Otros/Bootcamp/bankX-microservicios/core-banking-service/src/main/java/com/bca/core_banking_service/application/usecases/validation/ValidationProduct.java
/Users/aracelicueva/Documents/Otros/Bootcamp/bankX-microservicios/core-banking-service/src/main/java/com/bca/core_banking_service/infrastructure/output/persistence/entity/TransactionEntity.java
/Users/aracelicueva/Documents/Otros/Bootcamp/bankX-microservicios/core-banking-service/src/main/java/com/bca/core_banking_service/infrastructure/input/rest/exception/GlobalExceptionHandler.java
/Users/aracelicueva/Documents/Otros/Bootcamp/bankX-microservicios/core-banking-service/src/main/java/com/bca/core_banking_service/application/usecases/validation/ValidationCustomer.java
/Users/aracelicueva/Documents/Otros/Bootcamp/bankX-microservicios/core-banking-service/target/generated-sources/openapi/src/main/java/com/bca/core_banking_service/dto/AccountCreate.java
/Users/aracelicueva/Documents/Otros/Bootcamp/bankX-microservicios/core-banking-service/src/main/java/com/bca/core_banking_service/application/usecases/factory/CreateAccountCommand.java
/Users/aracelicueva/Documents/Otros/Bootcamp/bankX-microservicios/core-banking-service/src/main/java/com/bca/core_banking_service/domain/model/product/account/CheckingAccount.java
/Users/aracelicueva/Documents/Otros/Bootcamp/bankX-microservicios/core-banking-service/target/generated-sources/openapi/src/main/java/com/bca/core_banking_service/api/AccountsApiDelegate.java
/Users/aracelicueva/Documents/Otros/Bootcamp/bankX-microservicios/core-banking-service/src/main/java/com/bca/core_banking_service/infrastructure/output/persistence/repository/TransactionMongoRepository.java
/Users/aracelicueva/Documents/Otros/Bootcamp/bankX-microservicios/core-banking-service/src/main/java/com/bca/core_banking_service/infrastructure/output/persistence/AccountRepositoryImpl.java
/Users/aracelicueva/Documents/Otros/Bootcamp/bankX-microservicios/core-banking-service/target/generated-sources/openapi/src/main/java/com/bca/core_banking_service/dto/AccountType.java
/Users/aracelicueva/Documents/Otros/Bootcamp/bankX-microservicios/core-banking-service/src/main/java/com/bca/core_banking_service/domain/ports/output/event/EventPublisher.java
/Users/aracelicueva/Documents/Otros/Bootcamp/bankX-microservicios/core-banking-service/src/main/java/com/bca/core_banking_service/domain/ports/output/persistence/CreditRepository.java
/Users/aracelicueva/Documents/Otros/Bootcamp/bankX-microservicios/core-banking-service/target/generated-sources/openapi/src/main/java/com/bca/core_banking_service/dto/PymeCheckingAccountResponse.java
/Users/aracelicueva/Documents/Otros/Bootcamp/bankX-microservicios/core-banking-service/src/main/java/com/bca/core_banking_service/infrastructure/output/rest/WebClientConfig.java
/Users/aracelicueva/Documents/Otros/Bootcamp/bankX-microservicios/core-banking-service/target/generated-sources/openapi/src/main/java/com/bca/core_banking_service/api/CreditsApi.java
/Users/aracelicueva/Documents/Otros/Bootcamp/bankX-microservicios/core-banking-service/src/main/java/com/bca/core_banking_service/infrastructure/input/rest/AccountApiDelegateImpl.java
/Users/aracelicueva/Documents/Otros/Bootcamp/bankX-microservicios/core-banking-service/src/main/java/com/bca/core_banking_service/domain/model/product/account/FixedTermAccount.java
/Users/aracelicueva/Documents/Otros/Bootcamp/bankX-microservicios/core-banking-service/src/main/java/com/bca/core_banking_service/infrastructure/input/dto/Account.java
/Users/aracelicueva/Documents/Otros/Bootcamp/bankX-microservicios/core-banking-service/src/main/java/com/bca/core_banking_service/infrastructure/input/mapper/CustomerApiMapper.java
/Users/aracelicueva/Documents/Otros/Bootcamp/bankX-microservicios/core-banking-service/target/generated-sources/openapi/src/main/java/com/bca/core_banking_service/api/CustomersApiController.java
/Users/aracelicueva/Documents/Otros/Bootcamp/bankX-microservicios/core-banking-service/src/main/java/com/bca/core_banking_service/infrastructure/output/messaging/kafka/KafkaConfig.java
/Users/aracelicueva/Documents/Otros/Bootcamp/bankX-microservicios/core-banking-service/src/main/java/com/bca/core_banking_service/infrastructure/input/rest/CreditApiDelegateImpl.java
/Users/aracelicueva/Documents/Otros/Bootcamp/bankX-microservicios/core-banking-service/target/generated-sources/openapi/src/main/java/com/bca/core_banking_service/dto/CreditCreate.java
/Users/aracelicueva/Documents/Otros/Bootcamp/bankX-microservicios/core-banking-service/src/main/java/com/bca/core_banking_service/infrastructure/output/persistence/repository/CreditMongoRepository.java
/Users/aracelicueva/Documents/Otros/Bootcamp/bankX-microservicios/core-banking-service/src/main/java/com/bca/core_banking_service/domain/model/product/account/Account.java
/Users/aracelicueva/Documents/Otros/Bootcamp/bankX-microservicios/core-banking-service/target/generated-sources/openapi/src/main/java/com/bca/core_banking_service/dto/VipSavingsAccountResponse.java
/Users/aracelicueva/Documents/Otros/Bootcamp/bankX-microservicios/core-banking-service/src/main/java/com/bca/core_banking_service/domain/model/enums/transaction/TransferType.java
/Users/aracelicueva/Documents/Otros/Bootcamp/bankX-microservicios/core-banking-service/src/main/java/com/bca/core_banking_service/infrastructure/output/persistence/CreditRepositoryImpl.java
/Users/aracelicueva/Documents/Otros/Bootcamp/bankX-microservicios/core-banking-service/src/main/java/com/bca/core_banking_service/domain/exceptions/BusinessException.java
/Users/aracelicueva/Documents/Otros/Bootcamp/bankX-microservicios/core-banking-service/target/generated-sources/openapi/src/main/java/com/bca/core_banking_service/api/AccountsApi.java
/Users/aracelicueva/Documents/Otros/Bootcamp/bankX-microservicios/core-banking-service/target/generated-sources/openapi/src/main/java/com/bca/core_banking_service/dto/FixedTermAccountResponse.java
/Users/aracelicueva/Documents/Otros/Bootcamp/bankX-microservicios/core-banking-service/src/main/java/com/bca/core_banking_service/infrastructure/output/persistence/repository/AccountMongoRepository.java
/Users/aracelicueva/Documents/Otros/Bootcamp/bankX-microservicios/core-banking-service/src/main/java/com/bca/core_banking_service/domain/ports/output/persistence/TransactionRepository.java
/Users/aracelicueva/Documents/Otros/Bootcamp/bankX-microservicios/core-banking-service/src/main/java/com/bca/core_banking_service/infrastructure/input/mapper/AccountApiMapper.java
/Users/aracelicueva/Documents/Otros/Bootcamp/bankX-microservicios/core-banking-service/src/main/java/com/bca/core_banking_service/domain/model/customer/VipPersonalCustomer.java
/Users/aracelicueva/Documents/Otros/Bootcamp/bankX-microservicios/core-banking-service/target/generated-sources/openapi/src/main/java/org/openapitools/configuration/EnumConverterConfiguration.java
/Users/aracelicueva/Documents/Otros/Bootcamp/bankX-microservicios/core-banking-service/src/main/java/com/bca/core_banking_service/infrastructure/output/messaging/kafka/dto/AccountDepositEvent.java
/Users/aracelicueva/Documents/Otros/Bootcamp/bankX-microservicios/core-banking-service/src/main/java/com/bca/core_banking_service/domain/model/product/credit/PersonalCredit.java
/Users/aracelicueva/Documents/Otros/Bootcamp/bankX-microservicios/core-banking-service/src/main/java/com/bca/core_banking_service/domain/model/product/account/VipSavingsAccount.java
/Users/aracelicueva/Documents/Otros/Bootcamp/bankX-microservicios/core-banking-service/target/generated-sources/openapi/src/main/java/com/bca/core_banking_service/api/CustomersApiDelegate.java
/Users/aracelicueva/Documents/Otros/Bootcamp/bankX-microservicios/core-banking-service/target/generated-sources/openapi/src/main/java/com/bca/core_banking_service/api/CreditsApiDelegate.java
/Users/aracelicueva/Documents/Otros/Bootcamp/bankX-microservicios/core-banking-service/src/main/java/com/bca/core_banking_service/infrastructure/output/messaging/kafka/KafkaProducerAdapter.java
/Users/aracelicueva/Documents/Otros/Bootcamp/bankX-microservicios/core-banking-service/target/generated-sources/openapi/src/main/java/org/openapitools/configuration/HomeController.java
/Users/aracelicueva/Documents/Otros/Bootcamp/bankX-microservicios/core-banking-service/src/main/java/com/bca/core_banking_service/domain/model/product/account/BankAccount.java
/Users/aracelicueva/Documents/Otros/Bootcamp/bankX-microservicios/core-banking-service/src/main/java/com/bca/core_banking_service/application/ports/input/usecases/AccountUseCase.java
/Users/aracelicueva/Documents/Otros/Bootcamp/bankX-microservicios/core-banking-service/target/generated-sources/openapi/src/main/java/com/bca/core_banking_service/dto/CreditPaymentResponse.java
/Users/aracelicueva/Documents/Otros/Bootcamp/bankX-microservicios/core-banking-service/src/main/java/com/bca/core_banking_service/infrastructure/input/dto/Transaction.java
/Users/aracelicueva/Documents/Otros/Bootcamp/bankX-microservicios/core-banking-service/src/main/java/com/bca/core_banking_service/domain/model/product/credit/Credit.java
/Users/aracelicueva/Documents/Otros/Bootcamp/bankX-microservicios/core-banking-service/src/main/java/com/bca/core_banking_service/application/ports/input/usecases/CreditUseCase.java
/Users/aracelicueva/Documents/Otros/Bootcamp/bankX-microservicios/core-banking-service/src/main/java/com/bca/core_banking_service/infrastructure/output/messaging/kafka/dto/AccountWithdrawalEvent.java
/Users/aracelicueva/Documents/Otros/Bootcamp/bankX-microservicios/core-banking-service/src/main/java/com/bca/core_banking_service/infrastructure/output/rest/CardsServiceProperties.java
/Users/aracelicueva/Documents/Otros/Bootcamp/bankX-microservicios/core-banking-service/src/main/java/com/bca/core_banking_service/domain/model/customer/BusinessCustomer.java
/Users/aracelicueva/Documents/Otros/Bootcamp/bankX-microservicios/core-banking-service/target/generated-sources/openapi/src/main/java/org/openapitools/RFC3339DateFormat.java
/Users/aracelicueva/Documents/Otros/Bootcamp/bankX-microservicios/core-banking-service/src/main/java/com/bca/core_banking_service/domain/model/enums/account/AccountType.java
/Users/aracelicueva/Documents/Otros/Bootcamp/bankX-microservicios/core-banking-service/src/main/java/com/bca/core_banking_service/domain/model/product/credit/BusinessCredit.java
/Users/aracelicueva/Documents/Otros/Bootcamp/bankX-microservicios/core-banking-service/src/main/java/com/bca/core_banking_service/domain/model/customer/PersonalCustomer.java
/Users/aracelicueva/Documents/Otros/Bootcamp/bankX-microservicios/core-banking-service/src/main/java/com/bca/core_banking_service/domain/ports/output/event/AccountEventPublisher.java
/Users/aracelicueva/Documents/Otros/Bootcamp/bankX-microservicios/core-banking-service/src/main/java/com/bca/core_banking_service/application/usecases/AccountUseCaseImpl.java
/Users/aracelicueva/Documents/Otros/Bootcamp/bankX-microservicios/core-banking-service/src/main/java/com/bca/core_banking_service/infrastructure/output/persistence/mapper/CreditMapper.java
/Users/aracelicueva/Documents/Otros/Bootcamp/bankX-microservicios/core-banking-service/target/generated-sources/openapi/src/main/java/com/bca/core_banking_service/api/AccountsApiController.java
/Users/aracelicueva/Documents/Otros/Bootcamp/bankX-microservicios/core-banking-service/src/main/java/com/bca/core_banking_service/application/usecases/factory/AccountFactory.java
/Users/aracelicueva/Documents/Otros/Bootcamp/bankX-microservicios/core-banking-service/src/main/java/com/bca/core_banking_service/application/usecases/CreditUseCaseImpl.java
/Users/aracelicueva/Documents/Otros/Bootcamp/bankX-microservicios/core-banking-service/target/generated-sources/openapi/src/main/java/com/bca/core_banking_service/dto/AccountPolymorphicResponse.java
/Users/aracelicueva/Documents/Otros/Bootcamp/bankX-microservicios/core-banking-service/src/main/java/com/bca/core_banking_service/infrastructure/output/rest/ExternalCardsWebClientAdapter.java
