com/bca/core_banking_service/application/usecases/factory/AccountFactoryTest.class
com/bca/core_banking_service/domain/model/product/credit/CreditTest$TestCredit.class
com/bca/core_banking_service/domain/model/customer/PymeBusinessCustomerTest.class
com/bca/core_banking_service/infrastructure/output/persistence/AccountRepositoryImplTest.class
com/bca/core_banking_service/domain/model/product/account/FixedTermAccountTest.class
com/bca/core_banking_service/infrastructure/output/rest/ExternalCardsWebClientAdapterTest.class
com/bca/core_banking_service/domain/model/product/account/VipSavingsAccountTest.class
com/bca/core_banking_service/CoreBankingServiceApplicationTests.class
com/bca/core_banking_service/application/usecases/CreditUseCaseImplTest.class
com/bca/core_banking_service/domain/model/customer/BusinessCustomerTest.class
com/bca/core_banking_service/domain/model/product/account/PymeCheckingAccountTest.class
com/bca/core_banking_service/domain/model/product/credit/PersonalCreditTest.class
com/bca/core_banking_service/application/usecases/factory/CreateAccountCommandTest.class
com/bca/core_banking_service/domain/services/TransferDomainServiceTest.class
com/bca/core_banking_service/domain/model/product/account/CheckingAccountTest.class
com/bca/core_banking_service/domain/model/customer/PersonalCustomerTest.class
com/bca/core_banking_service/infrastructure/output/persistence/CreditRepositoryImplTest.class
com/bca/core_banking_service/domain/model/product/ProductTest$TestProduct.class
com/bca/core_banking_service/domain/model/product/account/AccountTest$TestAccount.class
com/bca/core_banking_service/domain/model/product/account/SavingsAccountTest.class
com/bca/core_banking_service/infrastructure/output/persistence/TransactionRepositoryImplTest.class
com/bca/core_banking_service/domain/model/customer/VipPersonalCustomerTest.class
com/bca/core_banking_service/application/usecases/AccountUseCaseImplTest.class
com/bca/core_banking_service/domain/model/product/credit/CreditTest.class
com/bca/core_banking_service/domain/model/product/credit/BusinessCreditTest.class
com/bca/core_banking_service/domain/services/TransferDomainServiceTest$DummyAccount.class
com/bca/core_banking_service/domain/model/enums/account/AccountTypeTest.class
com/bca/core_banking_service/domain/model/product/ProductTest.class
com/bca/core_banking_service/domain/exceptions/BusinessExceptionTest.class
com/bca/core_banking_service/domain/model/product/account/AccountTest.class
