/Users/aracelicueva/Documents/Otros/Bootcamp/bankX-microservicios/core-banking-service/src/test/java/com/bca/core_banking_service/domain/model/product/account/SavingsAccountTest.java
/Users/aracelicueva/Documents/Otros/Bootcamp/bankX-microservicios/core-banking-service/src/test/java/com/bca/core_banking_service/application/usecases/AccountUseCaseImplTest.java
/Users/aracelicueva/Documents/Otros/Bootcamp/bankX-microservicios/core-banking-service/src/test/java/com/bca/core_banking_service/infrastructure/input/rest/AccountApiDelegateImplTest.java
/Users/aracelicueva/Documents/Otros/Bootcamp/bankX-microservicios/core-banking-service/src/test/java/com/bca/core_banking_service/domain/model/enums/account/AccountTypeTest.java
/Users/aracelicueva/Documents/Otros/Bootcamp/bankX-microservicios/core-banking-service/src/test/java/com/bca/core_banking_service/domain/model/product/account/AccountTest.java
/Users/aracelicueva/Documents/Otros/Bootcamp/bankX-microservicios/core-banking-service/src/test/java/com/bca/core_banking_service/infrastructure/output/persistence/CreditRepositoryImplTest.java
/Users/aracelicueva/Documents/Otros/Bootcamp/bankX-microservicios/core-banking-service/src/test/java/com/bca/core_banking_service/domain/model/product/account/PymeCheckingAccountTest.java
/Users/aracelicueva/Documents/Otros/Bootcamp/bankX-microservicios/core-banking-service/src/test/java/com/bca/core_banking_service/dto/DtoCoverageTest.java
/Users/aracelicueva/Documents/Otros/Bootcamp/bankX-microservicios/core-banking-service/src/test/java/com/bca/core_banking_service/domain/model/product/account/VipSavingsAccountTest.java
/Users/aracelicueva/Documents/Otros/Bootcamp/bankX-microservicios/core-banking-service/src/test/java/com/bca/core_banking_service/domain/model/customer/PersonalCustomerTest.java
/Users/aracelicueva/Documents/Otros/Bootcamp/bankX-microservicios/core-banking-service/src/test/java/com/bca/core_banking_service/domain/model/product/account/FixedTermAccountTest.java
/Users/aracelicueva/Documents/Otros/Bootcamp/bankX-microservicios/core-banking-service/src/test/java/com/bca/core_banking_service/infrastructure/input/rest/CreditApiDelegateImplTest.java
/Users/aracelicueva/Documents/Otros/Bootcamp/bankX-microservicios/core-banking-service/src/test/java/com/bca/core_banking_service/application/usecases/factory/AccountFactoryTest.java
/Users/aracelicueva/Documents/Otros/Bootcamp/bankX-microservicios/core-banking-service/src/test/java/com/bca/core_banking_service/infrastructure/input/rest/CustomerApiDelegateImplTest.java
/Users/aracelicueva/Documents/Otros/Bootcamp/bankX-microservicios/core-banking-service/src/test/java/com/bca/core_banking_service/infrastructure/output/persistence/TransactionRepositoryImplTest.java
/Users/aracelicueva/Documents/Otros/Bootcamp/bankX-microservicios/core-banking-service/src/test/java/com/bca/core_banking_service/CoreBankingServiceApplicationTests.java
/Users/aracelicueva/Documents/Otros/Bootcamp/bankX-microservicios/core-banking-service/src/test/java/com/bca/core_banking_service/infrastructure/output/rest/ExternalCardsWebClientAdapterTest.java
/Users/aracelicueva/Documents/Otros/Bootcamp/bankX-microservicios/core-banking-service/src/test/java/com/bca/core_banking_service/application/usecases/CreditUseCaseImplTest.java
/Users/aracelicueva/Documents/Otros/Bootcamp/bankX-microservicios/core-banking-service/src/test/java/com/bca/core_banking_service/domain/model/customer/VipPersonalCustomerTest.java
/Users/aracelicueva/Documents/Otros/Bootcamp/bankX-microservicios/core-banking-service/src/test/java/com/bca/core_banking_service/infrastructure/input/mapper/CustomerApiMapperTest.java
/Users/aracelicueva/Documents/Otros/Bootcamp/bankX-microservicios/core-banking-service/src/test/java/com/bca/core_banking_service/infrastructure/output/persistence/AccountRepositoryImplTest.java
/Users/aracelicueva/Documents/Otros/Bootcamp/bankX-microservicios/core-banking-service/src/test/java/com/bca/core_banking_service/domain/model/customer/BusinessCustomerTest.java
/Users/aracelicueva/Documents/Otros/Bootcamp/bankX-microservicios/core-banking-service/src/test/java/com/bca/core_banking_service/domain/model/product/credit/BusinessCreditTest.java
/Users/aracelicueva/Documents/Otros/Bootcamp/bankX-microservicios/core-banking-service/src/test/java/com/bca/core_banking_service/domain/model/product/credit/CreditTest.java
/Users/aracelicueva/Documents/Otros/Bootcamp/bankX-microservicios/core-banking-service/src/test/java/com/bca/core_banking_service/domain/model/product/ProductTest.java
/Users/aracelicueva/Documents/Otros/Bootcamp/bankX-microservicios/core-banking-service/src/test/java/com/bca/core_banking_service/domain/services/TransferDomainServiceTest.java
/Users/aracelicueva/Documents/Otros/Bootcamp/bankX-microservicios/core-banking-service/src/test/java/com/bca/core_banking_service/application/usecases/factory/CreateAccountCommandTest.java
/Users/aracelicueva/Documents/Otros/Bootcamp/bankX-microservicios/core-banking-service/src/test/java/com/bca/core_banking_service/domain/model/customer/PymeBusinessCustomerTest.java
/Users/aracelicueva/Documents/Otros/Bootcamp/bankX-microservicios/core-banking-service/src/test/java/com/bca/core_banking_service/domain/exceptions/BusinessExceptionTest.java
/Users/aracelicueva/Documents/Otros/Bootcamp/bankX-microservicios/core-banking-service/src/test/java/com/bca/core_banking_service/domain/model/product/credit/PersonalCreditTest.java
/Users/aracelicueva/Documents/Otros/Bootcamp/bankX-microservicios/core-banking-service/src/test/java/com/bca/core_banking_service/domain/model/product/account/CheckingAccountTest.java
